###############################################################################
#
# IAR ELF Linker V7.10.3.6832/W32 for ARM                 13/Dec/2015  12:10:49
# Copyright 2007-2014 IAR Systems AB.
#
#    Output file  =  D:\IAR_Workspace\CJQ_MBUS_485\Test\Debug\Exe\Test.out
#    Map file     =  D:\IAR_Workspace\CJQ_MBUS_485\Test\Debug\List\Test.map
#    Command line =  
#        D:\IAR_Workspace\CJQ_MBUS_485\Test\Debug\Obj\bsp.o
#        D:\IAR_Workspace\CJQ_MBUS_485\Test\Debug\Obj\cpu_a.o
#        D:\IAR_Workspace\CJQ_MBUS_485\Test\Debug\Obj\cpu_c.o
#        D:\IAR_Workspace\CJQ_MBUS_485\Test\Debug\Obj\cpu_core.o
#        D:\IAR_Workspace\CJQ_MBUS_485\Test\Debug\Obj\lib_ascii.o
#        D:\IAR_Workspace\CJQ_MBUS_485\Test\Debug\Obj\lib_math.o
#        D:\IAR_Workspace\CJQ_MBUS_485\Test\Debug\Obj\lib_mem.o
#        D:\IAR_Workspace\CJQ_MBUS_485\Test\Debug\Obj\lib_mem_a.o
#        D:\IAR_Workspace\CJQ_MBUS_485\Test\Debug\Obj\lib_str.o
#        D:\IAR_Workspace\CJQ_MBUS_485\Test\Debug\Obj\main.o
#        D:\IAR_Workspace\CJQ_MBUS_485\Test\Debug\Obj\misc.o
#        D:\IAR_Workspace\CJQ_MBUS_485\Test\Debug\Obj\os_app_hooks.o
#        D:\IAR_Workspace\CJQ_MBUS_485\Test\Debug\Obj\os_cfg_app.o
#        D:\IAR_Workspace\CJQ_MBUS_485\Test\Debug\Obj\os_core.o
#        D:\IAR_Workspace\CJQ_MBUS_485\Test\Debug\Obj\os_cpu_a.o
#        D:\IAR_Workspace\CJQ_MBUS_485\Test\Debug\Obj\os_cpu_c.o
#        D:\IAR_Workspace\CJQ_MBUS_485\Test\Debug\Obj\os_dbg.o
#        D:\IAR_Workspace\CJQ_MBUS_485\Test\Debug\Obj\os_flag.o
#        D:\IAR_Workspace\CJQ_MBUS_485\Test\Debug\Obj\os_int.o
#        D:\IAR_Workspace\CJQ_MBUS_485\Test\Debug\Obj\os_mem.o
#        D:\IAR_Workspace\CJQ_MBUS_485\Test\Debug\Obj\os_msg.o
#        D:\IAR_Workspace\CJQ_MBUS_485\Test\Debug\Obj\os_mutex.o
#        D:\IAR_Workspace\CJQ_MBUS_485\Test\Debug\Obj\os_pend_multi.o
#        D:\IAR_Workspace\CJQ_MBUS_485\Test\Debug\Obj\os_prio.o
#        D:\IAR_Workspace\CJQ_MBUS_485\Test\Debug\Obj\os_q.o
#        D:\IAR_Workspace\CJQ_MBUS_485\Test\Debug\Obj\os_sem.o
#        D:\IAR_Workspace\CJQ_MBUS_485\Test\Debug\Obj\os_stat.o
#        D:\IAR_Workspace\CJQ_MBUS_485\Test\Debug\Obj\os_task.o
#        D:\IAR_Workspace\CJQ_MBUS_485\Test\Debug\Obj\os_tick.o
#        D:\IAR_Workspace\CJQ_MBUS_485\Test\Debug\Obj\os_time.o
#        D:\IAR_Workspace\CJQ_MBUS_485\Test\Debug\Obj\os_tmr.o
#        D:\IAR_Workspace\CJQ_MBUS_485\Test\Debug\Obj\os_var.o
#        D:\IAR_Workspace\CJQ_MBUS_485\Test\Debug\Obj\serial.o
#        D:\IAR_Workspace\CJQ_MBUS_485\Test\Debug\Obj\spi_flash.o
#        D:\IAR_Workspace\CJQ_MBUS_485\Test\Debug\Obj\startup_stm32f10x_md.o
#        D:\IAR_Workspace\CJQ_MBUS_485\Test\Debug\Obj\stm32f10x_adc.o
#        D:\IAR_Workspace\CJQ_MBUS_485\Test\Debug\Obj\stm32f10x_bkp.o
#        D:\IAR_Workspace\CJQ_MBUS_485\Test\Debug\Obj\stm32f10x_can.o
#        D:\IAR_Workspace\CJQ_MBUS_485\Test\Debug\Obj\stm32f10x_cec.o
#        D:\IAR_Workspace\CJQ_MBUS_485\Test\Debug\Obj\stm32f10x_crc.o
#        D:\IAR_Workspace\CJQ_MBUS_485\Test\Debug\Obj\stm32f10x_dac.o
#        D:\IAR_Workspace\CJQ_MBUS_485\Test\Debug\Obj\stm32f10x_dbgmcu.o
#        D:\IAR_Workspace\CJQ_MBUS_485\Test\Debug\Obj\stm32f10x_dma.o
#        D:\IAR_Workspace\CJQ_MBUS_485\Test\Debug\Obj\stm32f10x_exti.o
#        D:\IAR_Workspace\CJQ_MBUS_485\Test\Debug\Obj\stm32f10x_flash.o
#        D:\IAR_Workspace\CJQ_MBUS_485\Test\Debug\Obj\stm32f10x_fsmc.o
#        D:\IAR_Workspace\CJQ_MBUS_485\Test\Debug\Obj\stm32f10x_gpio.o
#        D:\IAR_Workspace\CJQ_MBUS_485\Test\Debug\Obj\stm32f10x_i2c.o
#        D:\IAR_Workspace\CJQ_MBUS_485\Test\Debug\Obj\stm32f10x_it.o
#        D:\IAR_Workspace\CJQ_MBUS_485\Test\Debug\Obj\stm32f10x_iwdg.o
#        D:\IAR_Workspace\CJQ_MBUS_485\Test\Debug\Obj\stm32f10x_pwr.o
#        D:\IAR_Workspace\CJQ_MBUS_485\Test\Debug\Obj\stm32f10x_rcc.o
#        D:\IAR_Workspace\CJQ_MBUS_485\Test\Debug\Obj\stm32f10x_rtc.o
#        D:\IAR_Workspace\CJQ_MBUS_485\Test\Debug\Obj\stm32f10x_sdio.o
#        D:\IAR_Workspace\CJQ_MBUS_485\Test\Debug\Obj\stm32f10x_spi.o
#        D:\IAR_Workspace\CJQ_MBUS_485\Test\Debug\Obj\stm32f10x_tim.o
#        D:\IAR_Workspace\CJQ_MBUS_485\Test\Debug\Obj\stm32f10x_usart.o
#        D:\IAR_Workspace\CJQ_MBUS_485\Test\Debug\Obj\stm32f10x_wwdg.o
#        D:\IAR_Workspace\CJQ_MBUS_485\Test\Debug\Obj\system_stm32f10x.o
#        D:\IAR_Workspace\CJQ_MBUS_485\Test\Debug\Obj\tasks.o
#        D:\IAR_Workspace\CJQ_MBUS_485\Test\Debug\Obj\timestamp.o -o
#        D:\IAR_Workspace\CJQ_MBUS_485\Test\Debug\Exe\Test.out --map
#        D:\IAR_Workspace\CJQ_MBUS_485\Test\Debug\List\Test.map --config
#        D:\IAR_Workspace\CJQ_MBUS_485\Test\Test.icf --semihosting --entry
#        __iar_program_start --vfe
#
###############################################################################

*******************************************************************************
*** RUNTIME MODEL ATTRIBUTES
***

CppFlavor       = *
__SystemLibrary = DLib


*******************************************************************************
*** PLACEMENT SUMMARY
***

"A1":  place at 0x08000000 { ro section .intvec };
"P1":  place in [from 0x08000000 to 0x0801ffff] { ro };
"P2":  place in [from 0x20000000 to 0x20004fff] { rw, block CSTACK, block HEAP };

  Section            Kind        Address    Size  Object
  -------            ----        -------    ----  ------
"A1":                                       0xec
  .intvec            ro code  0x08000000    0xec  startup_stm32f10x_md.o [1]
                            - 0x080000ec    0xec

"P1":                                     0x4dcc
  .text              ro code  0x080000ec   0x954  os_core.o [1]
  .text              ro code  0x08000a40   0x1d8  os_cpu_c.o [1]
  .text              ro code  0x08000c18    0x88  os_prio.o [1]
  .text              ro code  0x08000ca0   0x6aa  os_flag.o [1]
  .text              ro code  0x0800134a    0x2e  copy_init3.o [4]
  .text              ro code  0x08001378   0x180  os_mem.o [1]
  .text              ro code  0x080014f8   0x1fc  os_msg.o [1]
  .text              ro code  0x080016f4    0x10  os_mutex.o [1]
  .text              ro code  0x08001704   0x384  os_q.o [1]
  .text              ro code  0x08001a88   0x302  os_sem.o [1]
  .text              ro code  0x08001d8a    0x22  zero_init3.o [4]
  .text              ro code  0x08001dac   0x694  os_task.o [1]
  .text              ro code  0x08002440   0x418  os_tick.o [1]
  .text              ro code  0x08002858   0x440  os_tmr.o [1]
  .text              ro code  0x08002c98    0xac  os_cfg_app.o [1]
  CODE               ro code  0x08002d44    0x34  cpu_a.o [1]
  CODE               ro code  0x08002d78    0x84  os_cpu_a.o [1]
  .text              ro code  0x08002dfc    0x3c  timestamp.o [1]
  .text              ro code  0x08002e38   0x110  os_time.o [1]
  .text              ro code  0x08002f48   0x4e6  bsp.o [1]
  .rodata            const    0x0800342e     0x2  os_cfg_app.o [1]
  .text              ro code  0x08003430    0x4c  cpu_core.o [1]
  .text              ro code  0x0800347c   0x180  stm32f10x_flash.o [1]
  .text              ro code  0x080035fc   0x258  stm32f10x_rcc.o [1]
  .text              ro code  0x08003854   0x1c4  stm32f10x_gpio.o [1]
  .text              ro code  0x08003a18    0xc8  stm32f10x_exti.o [1]
  .text              ro code  0x08003ae0   0x17e  stm32f10x_usart.o [1]
  .rodata            const    0x08003c5e     0x2  os_cfg_app.o [1]
  .text              ro code  0x08003c60    0x80  misc.o [1]
  .text              ro code  0x08003ce0    0x88  stm32f10x_spi.o [1]
  .text              ro code  0x08003d68    0x2c  stm32f10x_iwdg.o [1]
  .text              ro code  0x08003d94   0x11c  lib_mem.o [1]
  .text              ro code  0x08003eb0   0x740  tasks.o [1]
  .text              ro code  0x080045f0   0x25c  serial.o [1]
  .text              ro code  0x0800484c   0x384  main.o [1]
  .text              ro code  0x08004bd0    0x6e  system_stm32f10x.o [1]
  .text              ro code  0x08004c3e    0x36  stm32f10x_it.o [1]
  .text              ro code  0x08004c74    0x28  data_init.o [4]
  .iar.init_table    const    0x08004c9c    0x24  - Linker created -
  .text              ro code  0x08004cc0    0x1a  cmain.o [4]
  .text              ro code  0x08004cda     0x4  low_level_init.o [3]
  .text              ro code  0x08004cde     0x4  exit.o [3]
  .rodata            const    0x08004ce2     0x2  os_cfg_app.o [1]
  .text              ro code  0x08004ce4     0xa  cexit.o [4]
  .rodata            const    0x08004cee     0x1  os_cfg_app.o [1]
  .rodata            const    0x08004cef     0x1  os_cfg_app.o [1]
  .text              ro code  0x08004cf0    0x14  exit.o [5]
  .rodata            const    0x08004d04    0x18  os_tmr.o [1]
  .rodata            const    0x08004d1c    0x14  os_core.o [1]
  .rodata            const    0x08004d30    0x14  os_tick.o [1]
  .text              ro code  0x08004d44    0x10  startup_stm32f10x_md.o [1]
  .rodata            const    0x08004d54     0xc  main.o [1]
  .text              ro code  0x08004d60     0xc  cstartup_M.o [4]
  .rodata            const    0x08004d6c     0x8  main.o [1]
  .rodata            const    0x08004d74     0x8  main.o [1]
  .rodata            const    0x08004d7c     0x8  main.o [1]
  .rodata            const    0x08004d84     0x8  main.o [1]
  .rodata            const    0x08004d8c     0x8  main.o [1]
  .rodata            const    0x08004d94     0x8  os_task.o [1]
  .rodata            const    0x08004d9c     0x4  os_cfg_app.o [1]
  .rodata            const    0x08004da0     0x4  os_cfg_app.o [1]
  .rodata            const    0x08004da4     0x4  os_cfg_app.o [1]
  .rodata            const    0x08004da8     0x4  os_cfg_app.o [1]
  .rodata            const    0x08004dac     0x4  os_cfg_app.o [1]
  .rodata            const    0x08004db0     0x4  os_cfg_app.o [1]
  .rodata            const    0x08004db4     0x4  os_cfg_app.o [1]
  .rodata            const    0x08004db8     0x4  os_cfg_app.o [1]
  .rodata            const    0x08004dbc     0x4  os_cfg_app.o [1]
  .rodata            const    0x08004dc0     0x4  os_cfg_app.o [1]
  .rodata            const    0x08004dc4     0x4  os_cfg_app.o [1]
  .rodata            const    0x08004dc8     0x4  os_cfg_app.o [1]
  .rodata            const    0x08004dcc     0x4  os_cfg_app.o [1]
  .rodata            const    0x08004dd0     0x4  os_cfg_app.o [1]
  .rodata            const    0x08004dd4     0x4  os_cfg_app.o [1]
  .rodata            const    0x08004dd8     0x4  os_cfg_app.o [1]
  .rodata            const    0x08004ddc     0x4  os_cfg_app.o [1]
  .rodata            const    0x08004de0     0x4  os_cfg_app.o [1]
  .rodata            const    0x08004de4     0x4  os_cfg_app.o [1]
  .rodata            const    0x08004de8     0x4  os_cfg_app.o [1]
  .rodata            const    0x08004dec     0x4  os_cfg_app.o [1]
  .rodata            const    0x08004df0     0x4  os_cfg_app.o [1]
  .rodata            const    0x08004df4     0x4  os_cfg_app.o [1]
  .text              ro code  0x08004df8     0x4  startup_stm32f10x_md.o [1]
  .text              ro code  0x08004dfc     0x4  startup_stm32f10x_md.o [1]
  .text              ro code  0x08004e00     0x4  startup_stm32f10x_md.o [1]
  .text              ro code  0x08004e04     0x4  startup_stm32f10x_md.o [1]
  .text              ro code  0x08004e08     0x4  startup_stm32f10x_md.o [1]
  .text              ro code  0x08004e0c     0x4  startup_stm32f10x_md.o [1]
  .text              ro code  0x08004e10     0x4  startup_stm32f10x_md.o [1]
  .text              ro code  0x08004e14     0x4  startup_stm32f10x_md.o [1]
  .text              ro code  0x08004e18     0x4  startup_stm32f10x_md.o [1]
  .text              ro code  0x08004e1c     0x4  startup_stm32f10x_md.o [1]
  .text              ro code  0x08004e20     0x4  startup_stm32f10x_md.o [1]
  .text              ro code  0x08004e24     0x4  startup_stm32f10x_md.o [1]
  .text              ro code  0x08004e28     0x4  startup_stm32f10x_md.o [1]
  .text              ro code  0x08004e2c     0x4  startup_stm32f10x_md.o [1]
  .text              ro code  0x08004e30     0x4  startup_stm32f10x_md.o [1]
  .text              ro code  0x08004e34     0x4  startup_stm32f10x_md.o [1]
  .text              ro code  0x08004e38     0x4  startup_stm32f10x_md.o [1]
  .text              ro code  0x08004e3c     0x4  startup_stm32f10x_md.o [1]
  .text              ro code  0x08004e40     0x4  startup_stm32f10x_md.o [1]
  .text              ro code  0x08004e44     0x4  startup_stm32f10x_md.o [1]
  .text              ro code  0x08004e48     0x4  startup_stm32f10x_md.o [1]
  .text              ro code  0x08004e4c     0x4  startup_stm32f10x_md.o [1]
  .text              ro code  0x08004e50     0x4  startup_stm32f10x_md.o [1]
  .text              ro code  0x08004e54     0x4  startup_stm32f10x_md.o [1]
  .text              ro code  0x08004e58     0x4  startup_stm32f10x_md.o [1]
  .text              ro code  0x08004e5c     0x4  startup_stm32f10x_md.o [1]
  .text              ro code  0x08004e60     0x4  startup_stm32f10x_md.o [1]
  .text              ro code  0x08004e64     0x4  startup_stm32f10x_md.o [1]
  .text              ro code  0x08004e68     0x4  startup_stm32f10x_md.o [1]
  .text              ro code  0x08004e6c     0x4  startup_stm32f10x_md.o [1]
  .text              ro code  0x08004e70     0x4  startup_stm32f10x_md.o [1]
  .text              ro code  0x08004e74     0x4  startup_stm32f10x_md.o [1]
  .text              ro code  0x08004e78     0x4  startup_stm32f10x_md.o [1]
  .text              ro code  0x08004e7c     0x4  startup_stm32f10x_md.o [1]
  .text              ro code  0x08004e80     0x4  startup_stm32f10x_md.o [1]
  .text              ro code  0x08004e84     0x4  startup_stm32f10x_md.o [1]
  .text              ro code  0x08004e88     0x4  startup_stm32f10x_md.o [1]
  .text              ro code  0x08004e8c     0x4  startup_stm32f10x_md.o [1]
  .text              ro code  0x08004e90     0x4  startup_stm32f10x_md.o [1]
  .rodata            const    0x08004e94     0x0  zero_init3.o [4]
  .rodata            const    0x08004e94     0x0  copy_init3.o [4]
  Initializer bytes  ro data  0x08004e94    0x24  <for P2 s0>
                            - 0x08004eb8  0x4dcc

"P2", part 1 of 3:                          0x24
  P2 s0                       0x20000000    0x24  <Init block>
    .data            inited   0x20000000    0x10  stm32f10x_rcc.o [1]
    .data            inited   0x20000010     0x8  main.o [1]
    .data            inited   0x20000018     0x8  tasks.o [1]
    .data            inited   0x20000020     0x4  stm32f10x_rcc.o [1]
                            - 0x20000024    0x24

"P2", part 2 of 3:                        0x2c1c
  .bss               zero     0x20000024   0x640  os_cfg_app.o [1]
  .bss               zero     0x20000664   0x400  main.o [1]
  .bss               zero     0x20000a64   0x200  main.o [1]
  .bss               zero     0x20000c64   0x200  main.o [1]
  .bss               zero     0x20000e64   0x200  main.o [1]
  .bss               zero     0x20001064   0x200  main.o [1]
  .bss               zero     0x20001264   0x200  main.o [1]
  .bss               zero     0x20001464   0x200  main.o [1]
  .bss               zero     0x20001664   0x200  main.o [1]
  .bss               zero     0x20001864   0x200  os_cfg_app.o [1]
  .bss               zero     0x20001a64   0x200  os_cfg_app.o [1]
  .bss               zero     0x20001c64   0x200  os_cfg_app.o [1]
  .bss               zero     0x20001e64   0x200  os_cfg_app.o [1]
  .bss               zero     0x20002064   0x180  os_var.o [1]
  .bss               zero     0x200021e4    0xb4  main.o [1]
  .bss               zero     0x20002298    0xb4  main.o [1]
  .bss               zero     0x2000234c    0xb4  main.o [1]
  .bss               zero     0x20002400    0xb4  main.o [1]
  .bss               zero     0x200024b4    0xb4  main.o [1]
  .bss               zero     0x20002568    0xb4  main.o [1]
  .bss               zero     0x2000261c    0xb4  main.o [1]
  .bss               zero     0x200026d0    0xb4  os_var.o [1]
  .bss               zero     0x20002784    0xb4  os_var.o [1]
  .bss               zero     0x20002838    0xb4  os_var.o [1]
  .bss               zero     0x200028ec    0x88  os_cfg_app.o [1]
  .bss               zero     0x20002974    0x88  os_cfg_app.o [1]
  .bss               zero     0x200029fc    0x78  main.o [1]
  .bss               zero     0x20002a74    0x2c  main.o [1]
  .bss               zero     0x20002aa0    0x24  main.o [1]
  .bss               zero     0x20002ac4    0x24  main.o [1]
  .bss               zero     0x20002ae8    0x24  main.o [1]
  .bss               zero     0x20002b0c    0x24  main.o [1]
  .bss               zero     0x20002b30    0x1c  main.o [1]
  .bss               zero     0x20002b4c    0x1c  main.o [1]
  .bss               zero     0x20002b68    0x1c  main.o [1]
  .bss               zero     0x20002b84    0x18  main.o [1]
  .bss               zero     0x20002b9c    0x18  main.o [1]
  .bss               zero     0x20002bb4    0x10  cpu_core.o [1]
  .bss               zero     0x20002bc4     0xc  os_var.o [1]
  .bss               zero     0x20002bd0     0x4  cpu_core.o [1]
  .bss               zero     0x20002bd4     0x4  os_cpu_c.o [1]
  .bss               zero     0x20002bd8     0x4  os_prio.o [1]
  .bss               zero     0x20002bdc     0x4  os_var.o [1]
  .bss               zero     0x20002be0     0x4  os_var.o [1]
  .bss               zero     0x20002be4     0x4  os_var.o [1]
  .bss               zero     0x20002be8     0x4  os_var.o [1]
  .bss               zero     0x20002bec     0x4  os_var.o [1]
  .bss               zero     0x20002bf0     0x4  os_var.o [1]
  .bss               zero     0x20002bf4     0x4  os_var.o [1]
  .bss               zero     0x20002bf8     0x4  os_var.o [1]
  .bss               zero     0x20002bfc     0x4  os_var.o [1]
  .bss               zero     0x20002c00     0x4  os_var.o [1]
  .bss               zero     0x20002c04     0x4  os_var.o [1]
  .bss               zero     0x20002c08     0x4  os_var.o [1]
  .bss               zero     0x20002c0c     0x4  os_var.o [1]
  .bss               zero     0x20002c10     0x4  os_var.o [1]
  .bss               zero     0x20002c14     0x4  os_var.o [1]
  .bss               zero     0x20002c18     0x4  os_var.o [1]
  .bss               zero     0x20002c1c     0x4  os_var.o [1]
  .bss               zero     0x20002c20     0x4  os_var.o [1]
  .bss               zero     0x20002c24     0x2  os_var.o [1]
  .bss               zero     0x20002c26     0x2  os_var.o [1]
  .bss               zero     0x20002c28     0x2  os_var.o [1]
  .bss               zero     0x20002c2a     0x2  os_var.o [1]
  .bss               zero     0x20002c2c     0x2  os_var.o [1]
  .bss               zero     0x20002c2e     0x2  os_var.o [1]
  .bss               zero     0x20002c30     0x2  os_var.o [1]
  .bss               zero     0x20002c32     0x1  os_var.o [1]
  .bss               zero     0x20002c33     0x1  os_var.o [1]
  .bss               zero     0x20002c34     0x1  os_var.o [1]
  .bss               zero     0x20002c35     0x1  os_var.o [1]
  .bss               zero     0x20002c36     0x1  os_var.o [1]
  .bss               zero     0x20002c37     0x1  os_var.o [1]
  .bss               zero     0x20002c38     0x1  os_var.o [1]
  .bss               zero     0x20002c39     0x1  os_var.o [1]
  .bss               zero     0x20002c3a     0x1  tasks.o [1]
  .bss               zero     0x20002c3b     0x1  tasks.o [1]
                            - 0x20002c3c  0x2c18

"P2", part 3 of 3:                         0x200
  CSTACK                      0x20002c40   0x200  <Block>
    CSTACK           uninit   0x20002c40   0x200  <Block tail>
                            - 0x20002e40   0x200


*******************************************************************************
*** INIT TABLE
***

          Address     Size
          -------     ----
Zero (__iar_zero_init3)
    1 destination range, total size 0x2c18:
          0x20000024  0x2c18

Copy (__iar_copy_init3)
    1 source range, total size 0x24:
          0x08004e94    0x24
    1 destination range, total size 0x24:
          0x20000000    0x24



*******************************************************************************
*** MODULE SUMMARY
***

    Module                  ro code  ro data  rw data
    ------                  -------  -------  -------
D:\IAR_Workspace\CJQ_MBUS_485\Test\Debug\Obj: [1]
    bsp.o                     1 254
    cpu_a.o                      52
    cpu_core.o                   76                20
    lib_mem.o                   284
    main.o                      900       60    6 316
    misc.o                      128
    os_cfg_app.o                172      100    3 920
    os_core.o                 2 388       20
    os_cpu_a.o                  132
    os_cpu_c.o                  472                 4
    os_flag.o                 1 706
    os_mem.o                    384
    os_msg.o                    508
    os_mutex.o                   16
    os_prio.o                   136                 4
    os_q.o                      900
    os_sem.o                    770
    os_task.o                 1 684        8
    os_tick.o                 1 048       20
    os_time.o                   272
    os_tmr.o                  1 088       24
    os_var.o                                    1 030
    serial.o                    604
    startup_stm32f10x_md.o      408
    stm32f10x_exti.o            200
    stm32f10x_flash.o           384
    stm32f10x_gpio.o            452
    stm32f10x_it.o               54
    stm32f10x_iwdg.o             44
    stm32f10x_rcc.o             600       20       20
    stm32f10x_spi.o             136
    stm32f10x_usart.o           382
    system_stm32f10x.o          110
    tasks.o                   1 856        8       10
    timestamp.o                  60
    -------------------------------------------------
    Total:                   19 660      260   11 324

command line: [2]
    -------------------------------------------------
    Total:

dl7M_tln.a: [3]
    exit.o                        4
    low_level_init.o              4
    -------------------------------------------------
    Total:                        8

rt7M_tl.a: [4]
    cexit.o                      10
    cmain.o                      26
    copy_init3.o                 46
    cstartup_M.o                 12
    data_init.o                  40
    zero_init3.o                 34
    -------------------------------------------------
    Total:                      168

shb_l.a: [5]
    exit.o                       20
    -------------------------------------------------
    Total:                       20

    Linker created                        36      512
-----------------------------------------------------
    Grand Total:             19 856      296   11 836


*******************************************************************************
*** ENTRY LIST
***

Entry                      Address   Size  Type      Object
-----                      -------   ----  ----      ------
?main                   0x08004cc1         Code  Gb  cmain.o [4]
ADCPrescTable           0x20000020    0x4  Data  Lc  stm32f10x_rcc.o [1]
APBAHBPrescTable        0x20000000   0x10  Data  Lc  stm32f10x_rcc.o [1]
BSP_CPU_ClkFreq         0x0800341f   0x10  Code  Gb  bsp.o [1]
BSP_GPIO_Init           0x08002ff9  0x200  Code  Gb  bsp.o [1]
BSP_IWDG_Init           0x08003405   0x1a  Code  Gb  bsp.o [1]
BSP_Init                0x08002f49   0xb0  Code  Gb  bsp.o [1]
BSP_NVIC_Init           0x08003311   0x6c  Code  Gb  bsp.o [1]
BSP_SPI_Init            0x0800337d   0x66  Code  Gb  bsp.o [1]
BSP_USART_Init          0x080031f9  0x118  Code  Gb  bsp.o [1]
BusFault_Handler        0x08004c45    0x2  Code  Gb  stm32f10x_it.o [1]
CPU_CntLeadZeros        0x08002d63         Code  Gb  cpu_a.o [1]
CPU_CntTrailZeros       0x08002d69         Code  Gb  cpu_a.o [1]
CPU_Init                0x08003431    0xc  Code  Gb  cpu_core.o [1]
CPU_IntDis              0x08002d45         Code  Gb  cpu_a.o [1]
CPU_IntEn               0x08002d49         Code  Gb  cpu_a.o [1]
CPU_Name                0x20002bb4   0x10  Data  Gb  cpu_core.o [1]
CPU_NameClr             0x0800343d   0x1a  Code  Gb  cpu_core.o [1]
CPU_NameInit            0x0800345d    0x8  Code  Lc  cpu_core.o [1]
CPU_RevBits             0x08002d73         Code  Gb  cpu_a.o [1]
CPU_SR_Restore          0x08002d55         Code  Gb  cpu_a.o [1]
CPU_SR_Save             0x08002d4d         Code  Gb  cpu_a.o [1]
CPU_TS_Init             0x08003465    0xe  Code  Lc  cpu_core.o [1]
CPU_TS_TmrFreqSet       0x08003457    0x6  Code  Gb  cpu_core.o [1]
CPU_TS_TmrFreq_Hz       0x20002bd0    0x4  Data  Gb  cpu_core.o [1]
CPU_TS_TmrInit          0x08002dfd   0x2a  Code  Gb  timestamp.o [1]
CPU_TS_TmrRd            0x08002e27    0x6  Code  Gb  timestamp.o [1]
CPU_WaitForExcept       0x08002d5f         Code  Gb  cpu_a.o [1]
CPU_WaitForInt          0x08002d5b         Code  Gb  cpu_a.o [1]
CSTACK$$Base            0x20002c40          --   Gb  - Linker created -
CSTACK$$Limit           0x20002e40          --   Gb  - Linker created -
DebugMon_Handler        0x08004c4b    0x2  Code  Gb  stm32f10x_it.o [1]
EXTI0_IRQHandler        0x08004c6d    0x8  Code  Gb  stm32f10x_it.o [1]
EXTI_ClearITPendingBit  0x08003ac5    0x6  Code  Gb  stm32f10x_exti.o [1]
EXTI_GetITStatus        0x08003aa1   0x24  Code  Gb  stm32f10x_exti.o [1]
EXTI_Init               0x08003a19   0x88  Code  Gb  stm32f10x_exti.o [1]
FLAG_Event              0x20002b68   0x1c  Data  Gb  main.o [1]
FLASH_ErasePage         0x080034dd   0x5e  Code  Gb  stm32f10x_flash.o [1]
FLASH_GetBank1Status    0x08003587   0x2c  Code  Gb  stm32f10x_flash.o [1]
FLASH_LockBank1         0x080034cb   0x12  Code  Gb  stm32f10x_flash.o [1]
FLASH_PrefetchBufferCmd
                        0x08003495   0x20  Code  Gb  stm32f10x_flash.o [1]
FLASH_ProgramHalfWord   0x0800353b   0x4c  Code  Gb  stm32f10x_flash.o [1]
FLASH_SetLatency        0x0800347d   0x18  Code  Gb  stm32f10x_flash.o [1]
FLASH_UnlockBank1       0x080034b5   0x16  Code  Gb  stm32f10x_flash.o [1]
FLASH_WaitForLastOperation
                        0x080035d1   0x2c  Code  Gb  stm32f10x_flash.o [1]
GPIO_EXTILineConfig     0x080039bd   0x50  Code  Gb  stm32f10x_gpio.o [1]
GPIO_Init               0x08003855   0xc8  Code  Gb  stm32f10x_gpio.o [1]
GPIO_PinRemapConfig     0x0800393f   0x7e  Code  Gb  stm32f10x_gpio.o [1]
GPIO_ReadInputDataBit   0x0800391d   0x16  Code  Gb  stm32f10x_gpio.o [1]
GPIO_ResetBits          0x08003939    0x6  Code  Gb  stm32f10x_gpio.o [1]
GPIO_SetBits            0x08003933    0x6  Code  Gb  stm32f10x_gpio.o [1]
HardFault_Handler       0x08004c41    0x2  Code  Gb  stm32f10x_it.o [1]
IWDG_Enable             0x08003d83    0xa  Code  Gb  stm32f10x_iwdg.o [1]
IWDG_ReloadCounter      0x08003d79    0xa  Code  Gb  stm32f10x_iwdg.o [1]
IWDG_SetPrescaler       0x08003d71    0x8  Code  Gb  stm32f10x_iwdg.o [1]
IWDG_WriteAccessCmd     0x08003d69    0x8  Code  Gb  stm32f10x_iwdg.o [1]
MEM_Buf                 0x20002b84   0x18  Data  Gb  main.o [1]
MEM_ISR                 0x20002b9c   0x18  Data  Gb  main.o [1]
MemManage_Handler       0x08004c43    0x2  Code  Gb  stm32f10x_it.o [1]
Mem_Clr                 0x08003d95    0xc  Code  Gb  lib_mem.o [1]
Mem_Cmp                 0x08003dfb   0xb6  Code  Gb  lib_mem.o [1]
Mem_Set                 0x08003da1   0x5a  Code  Gb  lib_mem.o [1]
NMI_Handler             0x08004c3f    0x2  Code  Gb  stm32f10x_it.o [1]
NVIC_Init               0x08003c6b   0x62  Code  Gb  misc.o [1]
NVIC_PriorityGroupConfig
                        0x08003c61    0xa  Code  Gb  misc.o [1]
OSCfg_DataSizeRAM       0x08004df4    0x4  Data  Gb  os_cfg_app.o [1]
OSCfg_ISRStk            0x20001a64  0x200  Data  Gb  os_cfg_app.o [1]
OSCfg_ISRStkBasePtr     0x08004dac    0x4  Data  Gb  os_cfg_app.o [1]
OSCfg_ISRStkSize        0x08004db0    0x4  Data  Gb  os_cfg_app.o [1]
OSCfg_ISRStkSizeRAM     0x08004db4    0x4  Data  Gb  os_cfg_app.o [1]
OSCfg_IdleTaskStk       0x20001864  0x200  Data  Gb  os_cfg_app.o [1]
OSCfg_IdleTaskStkBasePtr
                        0x08004d9c    0x4  Data  Gb  os_cfg_app.o [1]
OSCfg_IdleTaskStkLimit  0x08004da0    0x4  Data  Gb  os_cfg_app.o [1]
OSCfg_IdleTaskStkSize   0x08004da4    0x4  Data  Gb  os_cfg_app.o [1]
OSCfg_IdleTaskStkSizeRAM
                        0x08004da8    0x4  Data  Gb  os_cfg_app.o [1]
OSCfg_Init              0x08002c99   0xac  Code  Gb  os_cfg_app.o [1]
OSCfg_MsgPool           0x20000024  0x640  Data  Gb  os_cfg_app.o [1]
OSCfg_MsgPoolBasePtr    0x08004dbc    0x4  Data  Gb  os_cfg_app.o [1]
OSCfg_MsgPoolSize       0x0800342e    0x2  Data  Gb  os_cfg_app.o [1]
OSCfg_MsgPoolSizeRAM    0x08004db8    0x4  Data  Gb  os_cfg_app.o [1]
OSCfg_StkSizeMin        0x08004dc0    0x4  Data  Gb  os_cfg_app.o [1]
OSCfg_TickRate_Hz       0x08004dc4    0x4  Data  Gb  os_cfg_app.o [1]
OSCfg_TickTaskPrio      0x08004cee    0x1  Data  Gb  os_cfg_app.o [1]
OSCfg_TickTaskStk       0x20001c64  0x200  Data  Gb  os_cfg_app.o [1]
OSCfg_TickTaskStkBasePtr
                        0x08004dc8    0x4  Data  Gb  os_cfg_app.o [1]
OSCfg_TickTaskStkLimit  0x08004dcc    0x4  Data  Gb  os_cfg_app.o [1]
OSCfg_TickTaskStkSize   0x08004dd0    0x4  Data  Gb  os_cfg_app.o [1]
OSCfg_TickTaskStkSizeRAM
                        0x08004dd4    0x4  Data  Gb  os_cfg_app.o [1]
OSCfg_TickWheel         0x200028ec   0x88  Data  Gb  os_cfg_app.o [1]
OSCfg_TickWheelSize     0x08003c5e    0x2  Data  Gb  os_cfg_app.o [1]
OSCfg_TickWheelSizeRAM  0x08004dd8    0x4  Data  Gb  os_cfg_app.o [1]
OSCfg_TmrTaskPrio       0x08004cef    0x1  Data  Gb  os_cfg_app.o [1]
OSCfg_TmrTaskRate_Hz    0x08004ddc    0x4  Data  Gb  os_cfg_app.o [1]
OSCfg_TmrTaskStk        0x20001e64  0x200  Data  Gb  os_cfg_app.o [1]
OSCfg_TmrTaskStkBasePtr
                        0x08004de0    0x4  Data  Gb  os_cfg_app.o [1]
OSCfg_TmrTaskStkLimit   0x08004de4    0x4  Data  Gb  os_cfg_app.o [1]
OSCfg_TmrTaskStkSize    0x08004de8    0x4  Data  Gb  os_cfg_app.o [1]
OSCfg_TmrTaskStkSizeRAM
                        0x08004dec    0x4  Data  Gb  os_cfg_app.o [1]
OSCfg_TmrWheel          0x20002974   0x88  Data  Gb  os_cfg_app.o [1]
OSCfg_TmrWheelSize      0x08004ce2    0x2  Data  Gb  os_cfg_app.o [1]
OSCfg_TmrWheelSizeRAM   0x08004df0    0x4  Data  Gb  os_cfg_app.o [1]
OSFlagCreate            0x08000ca1   0x66  Code  Gb  os_flag.o [1]
OSFlagPend              0x08000d07  0x40c  Code  Gb  os_flag.o [1]
OSFlagPost              0x08001113   0x5e  Code  Gb  os_flag.o [1]
OSFlagQty               0x20002c24    0x2  Data  Gb  os_var.o [1]
OSIdleTaskCtr           0x20002bf8    0x4  Data  Gb  os_var.o [1]
OSIdleTaskHook          0x08000a41   0x12  Code  Gb  os_cpu_c.o [1]
OSIdleTaskTCB           0x200026d0   0xb4  Data  Gb  os_var.o [1]
OSInit                  0x080000ed  0x150  Code  Gb  os_core.o [1]
OSInitHook              0x08000a53   0x14  Code  Gb  os_cpu_c.o [1]
OSIntExit               0x0800023d   0xc8  Code  Gb  os_core.o [1]
OSIntNestingCtr         0x20002c32    0x1  Data  Gb  os_var.o [1]
OSMemCreate             0x08001379   0xd0  Code  Gb  os_mem.o [1]
OSMemGet                0x08001449   0x46  Code  Gb  os_mem.o [1]
OSMemPut                0x0800148f   0x50  Code  Gb  os_mem.o [1]
OSMemQty                0x20002c26    0x2  Data  Gb  os_var.o [1]
OSMsgPool               0x20002bc4    0xc  Data  Gb  os_var.o [1]
OSMutexQty              0x20002c28    0x2  Data  Gb  os_var.o [1]
OSPrioCur               0x20002c34    0x1  Data  Gb  os_var.o [1]
OSPrioHighRdy           0x20002c35    0x1  Data  Gb  os_var.o [1]
OSPrioSaved             0x20002c36    0x1  Data  Gb  os_var.o [1]
OSPrioTbl               0x20002bd8    0x4  Data  Gb  os_prio.o [1]
OSQCreate               0x08001705   0x7c  Code  Gb  os_q.o [1]
OSQPend                 0x08001781  0x1be  Code  Gb  os_q.o [1]
OSQPost                 0x0800193f   0x84  Code  Gb  os_q.o [1]
OSQQty                  0x20002c2a    0x2  Data  Gb  os_var.o [1]
OSRdyList               0x20002064  0x180  Data  Gb  os_var.o [1]
OSRunning               0x20002c33    0x1  Data  Gb  os_var.o [1]
OSSched                 0x08000305   0x8e  Code  Gb  os_core.o [1]
OSSchedLock             0x08000393   0x58  Code  Gb  os_core.o [1]
OSSchedLockNestingCtr   0x20002c37    0x1  Data  Gb  os_var.o [1]
OSSchedRoundRobinDfltTimeQuanta
                        0x20002bfc    0x4  Data  Gb  os_var.o [1]
OSSchedRoundRobinEn     0x20002c38    0x1  Data  Gb  os_var.o [1]
OSSchedUnlock           0x080003eb   0x72  Code  Gb  os_core.o [1]
OSSemCreate             0x08001a89   0x66  Code  Gb  os_sem.o [1]
OSSemPend               0x08001aef  0x174  Code  Gb  os_sem.o [1]
OSSemPost               0x08001c63   0x60  Code  Gb  os_sem.o [1]
OSSemQty                0x20002c2c    0x2  Data  Gb  os_var.o [1]
OSStart                 0x0800045d   0x64  Code  Gb  os_core.o [1]
OSStartHighRdy          0x08002d79         Code  Gb  os_cpu_a.o [1]
OSTCBCurPtr             0x20002c1c    0x4  Data  Gb  os_var.o [1]
OSTCBHighRdyPtr         0x20002c20    0x4  Data  Gb  os_var.o [1]
OSTaskCreate            0x08001dad  0x176  Code  Gb  os_task.o [1]
OSTaskCreateHook        0x08000a67   0x12  Code  Gb  os_cpu_c.o [1]
OSTaskCtxSwCtr          0x20002c00    0x4  Data  Gb  os_var.o [1]
OSTaskDel               0x08001f23   0xea  Code  Gb  os_task.o [1]
OSTaskDelHook           0x08000a79   0x12  Code  Gb  os_cpu_c.o [1]
OSTaskQty               0x20002c2e    0x2  Data  Gb  os_var.o [1]
OSTaskRegNextAvailID    0x20002c39    0x1  Data  Gb  os_var.o [1]
OSTaskReturnHook        0x08000a8b   0x12  Code  Gb  os_cpu_c.o [1]
OSTaskSemPend           0x0800200d  0x1cc  Code  Gb  os_task.o [1]
OSTaskSemPost           0x080021d9   0x34  Code  Gb  os_task.o [1]
OSTaskStkInit           0x08000a9d   0x80  Code  Gb  os_cpu_c.o [1]
OSTaskSwHook            0x08000b1d   0x56  Code  Gb  os_cpu_c.o [1]
OSTickCtr               0x20002c04    0x4  Data  Gb  os_var.o [1]
OSTickTaskTCB           0x20002784   0xb4  Data  Gb  os_var.o [1]
OSTickTaskTimeMax       0x20002c08    0x4  Data  Gb  os_var.o [1]
OSTimeDly               0x08002e39   0xa0  Code  Gb  os_time.o [1]
OSTimeTick              0x08002ed9   0x4a  Code  Gb  os_time.o [1]
OSTimeTickHook          0x08000b73   0x12  Code  Gb  os_cpu_c.o [1]
OSTmrCreate             0x08002859   0xb0  Code  Gb  os_tmr.o [1]
OSTmrQty                0x20002c30    0x2  Data  Gb  os_var.o [1]
OSTmrStart              0x08002909   0xaa  Code  Gb  os_tmr.o [1]
OSTmrTaskTCB            0x20002838   0xb4  Data  Gb  os_var.o [1]
OSTmrTaskTimeMax        0x20002c0c    0x4  Data  Gb  os_var.o [1]
OSTmrTickCtr            0x20002c10    0x4  Data  Gb  os_var.o [1]
OSTmrUpdateCnt          0x20002c14    0x4  Data  Gb  os_var.o [1]
OSTmrUpdateCtr          0x20002c18    0x4  Data  Gb  os_var.o [1]
OS_AppIdleTaskHookPtr   0x20002be8    0x4  Data  Gb  os_var.o [1]
OS_AppStatTaskHookPtr   0x20002bec    0x4  Data  Gb  os_var.o [1]
OS_AppTaskCreateHookPtr
                        0x20002bdc    0x4  Data  Gb  os_var.o [1]
OS_AppTaskDelHookPtr    0x20002be0    0x4  Data  Gb  os_var.o [1]
OS_AppTaskReturnHookPtr
                        0x20002be4    0x4  Data  Gb  os_var.o [1]
OS_AppTaskSwHookPtr     0x20002bf0    0x4  Data  Gb  os_var.o [1]
OS_AppTimeTickHookPtr   0x20002bf4    0x4  Data  Gb  os_var.o [1]
OS_CPU_ExceptStkBase    0x20002bd4    0x4  Data  Gb  os_cpu_c.o [1]
OS_CPU_SysTickHandler   0x08000b85   0x24  Code  Gb  os_cpu_c.o [1]
OS_CPU_SysTickInit      0x08000ba9   0x2c  Code  Gb  os_cpu_c.o [1]
OS_FlagBlock            0x08001171   0x26  Code  Gb  os_flag.o [1]
OS_FlagInit             0x08001197    0xc  Code  Gb  os_flag.o [1]
OS_FlagPost             0x080011b9  0x13c  Code  Gb  os_flag.o [1]
OS_FlagTaskRdy          0x080012f5   0x56  Code  Gb  os_flag.o [1]
OS_IdleTask             0x080004c1   0x24  Code  Gb  os_core.o [1]
OS_IdleTaskInit         0x080004e5   0x50  Code  Gb  os_core.o [1]
OS_MemInit              0x080014df    0xc  Code  Gb  os_mem.o [1]
OS_MsgPoolInit          0x080014f9   0x86  Code  Gb  os_msg.o [1]
OS_MsgQFreeAll          0x0800157f   0x44  Code  Gb  os_msg.o [1]
OS_MsgQGet              0x080015d7   0x70  Code  Gb  os_msg.o [1]
OS_MsgQInit             0x080015c3   0x14  Code  Gb  os_msg.o [1]
OS_MsgQPut              0x08001647   0xa2  Code  Gb  os_msg.o [1]
OS_MutexInit            0x080016f5    0xc  Code  Gb  os_mutex.o [1]
OS_Pend                 0x08000535   0x60  Code  Gb  os_core.o [1]
OS_PendDataInit         0x08000595   0x34  Code  Gb  os_core.o [1]
OS_PendListInit         0x080005c9    0xe  Code  Gb  os_core.o [1]
OS_PendListInsertPrio   0x080005d7   0x6e  Code  Gb  os_core.o [1]
OS_PendListRemove       0x08000645   0x28  Code  Gb  os_core.o [1]
OS_PendListRemove1      0x0800066d   0x48  Code  Gb  os_core.o [1]
OS_Post                 0x080006b5   0xb0  Code  Gb  os_core.o [1]
OS_Post1                0x08000765   0x26  Code  Gb  os_core.o [1]
OS_PrioGetHighest       0x08000c2d   0x20  Code  Gb  os_prio.o [1]
OS_PrioInit             0x08000c19   0x14  Code  Gb  os_prio.o [1]
OS_PrioInsert           0x08000c4d   0x26  Code  Gb  os_prio.o [1]
OS_PrioRemove           0x08000c73   0x28  Code  Gb  os_prio.o [1]
OS_QInit                0x080019c3    0xc  Code  Gb  os_q.o [1]
OS_QPost                0x080019e5   0xa4  Code  Gb  os_q.o [1]
OS_RdyListInit          0x0800078b   0x24  Code  Gb  os_core.o [1]
OS_RdyListInsert        0x080007af   0x28  Code  Gb  os_core.o [1]
OS_RdyListInsertHead    0x080007d7   0x3a  Code  Gb  os_core.o [1]
OS_RdyListInsertTail    0x08000811   0x38  Code  Gb  os_core.o [1]
OS_RdyListMoveHeadToTail
                        0x08000849   0x40  Code  Gb  os_core.o [1]
OS_RdyListRemove        0x08000889   0x5c  Code  Gb  os_core.o [1]
OS_SchedRoundRobin      0x080008e5   0x8a  Code  Gb  os_core.o [1]
OS_SemInit              0x08001cc3    0xc  Code  Gb  os_sem.o [1]
OS_SemPost              0x08001ce5   0xa6  Code  Gb  os_sem.o [1]
OS_TaskBlock            0x080009ed   0x3a  Code  Gb  os_core.o [1]
OS_TaskInit             0x0800220d   0x16  Code  Gb  os_task.o [1]
OS_TaskInitTCB          0x08002223  0x106  Code  Gb  os_task.o [1]
OS_TaskRdy              0x08000a27   0x1a  Code  Gb  os_core.o [1]
OS_TaskReturn           0x08002335   0x14  Code  Gb  os_task.o [1]
OS_TaskSemPost          0x08002355   0xd4  Code  Gb  os_task.o [1]
OS_TickListInit         0x08002507   0x2a  Code  Gb  os_tick.o [1]
OS_TickListInsert       0x08002531  0x11c  Code  Gb  os_tick.o [1]
OS_TickListRemove       0x0800264d   0x42  Code  Gb  os_tick.o [1]
OS_TickListUpdate       0x0800268f  0x190  Code  Gb  os_tick.o [1]
OS_TickTask             0x08002441   0x28  Code  Gb  os_tick.o [1]
OS_TickTaskInit         0x08002469   0x9e  Code  Gb  os_tick.o [1]
OS_TmrInit              0x080029b3   0xd4  Code  Gb  os_tmr.o [1]
OS_TmrLink              0x08002a87   0xd0  Code  Gb  os_tmr.o [1]
OS_TmrTask              0x08002ba5   0xaa  Code  Gb  os_tmr.o [1]
OS_TmrUnlink            0x08002b57   0x4c  Code  Gb  os_tmr.o [1]
ObjCreate               0x08004a39   0xe2  Code  Gb  main.o [1]
OverLoad                0x08004803   0x20  Code  Gb  serial.o [1]
PendSV_Handler          0x08002d97         Code  Gb  os_cpu_a.o [1]
Q_Send_Server           0x20002b0c   0x24  Data  Gb  main.o [1]
Q_Send_Slave            0x20002ae8   0x24  Data  Gb  main.o [1]
Q_Server                0x20002ac4   0x24  Data  Gb  main.o [1]
Q_Slave                 0x20002aa0   0x24  Data  Gb  main.o [1]
RCC_APB1PeriphClockCmd  0x080037b5   0x20  Code  Gb  stm32f10x_rcc.o [1]
RCC_APB2PeriphClockCmd  0x08003795   0x20  Code  Gb  stm32f10x_rcc.o [1]
RCC_DeInit              0x080035fd   0x60  Code  Gb  stm32f10x_rcc.o [1]
RCC_GetClocksFreq       0x080036d5   0xc0  Code  Gb  stm32f10x_rcc.o [1]
RCC_GetFlagStatus       0x080037d5   0x44  Code  Gb  stm32f10x_rcc.o [1]
RCC_HCLKConfig          0x0800368f   0x14  Code  Gb  stm32f10x_rcc.o [1]
RCC_LSICmd              0x080036cd    0x8  Code  Gb  stm32f10x_rcc.o [1]
RCC_PCLK1Config         0x080036a3   0x14  Code  Gb  stm32f10x_rcc.o [1]
RCC_PCLK2Config         0x080036b7   0x16  Code  Gb  stm32f10x_rcc.o [1]
RCC_PLLCmd              0x08003673    0x8  Code  Gb  stm32f10x_rcc.o [1]
RCC_PLLConfig           0x0800365d   0x16  Code  Gb  stm32f10x_rcc.o [1]
RCC_SYSCLKConfig        0x0800367b   0x14  Code  Gb  stm32f10x_rcc.o [1]
Region$$Table$$Base     0x08004c9c          --   Gb  - Linker created -
Region$$Table$$Limit    0x08004cc0          --   Gb  - Linker created -
SEM_Send_Server_485     0x20002b30   0x1c  Data  Gb  main.o [1]
SEM_Send_Slave          0x20002b4c   0x1c  Data  Gb  main.o [1]
SPI_Cmd                 0x08003d21   0x1c  Code  Gb  stm32f10x_spi.o [1]
SPI_I2S_ITConfig        0x08003d3d   0x2c  Code  Gb  stm32f10x_spi.o [1]
SPI_Init                0x08003ce1   0x40  Code  Gb  stm32f10x_spi.o [1]
STK_LED1                0x20000c64  0x200  Data  Gb  main.o [1]
STK_OverLoad            0x20001664  0x200  Data  Gb  main.o [1]
STK_Send_Server         0x20001264  0x200  Data  Gb  main.o [1]
STK_Send_Slave          0x20001464  0x200  Data  Gb  main.o [1]
STK_Server              0x20000e64  0x200  Data  Gb  main.o [1]
STK_Slave               0x20001064  0x200  Data  Gb  main.o [1]
STK_Start               0x20000a64  0x200  Data  Gb  main.o [1]
SVC_Handler             0x08004c49    0x2  Code  Gb  stm32f10x_it.o [1]
Send_Server_485         0x08004763   0xa0  Code  Gb  serial.o [1]
Send_Slave              0x080046c3   0xa0  Code  Gb  serial.o [1]
SetSysClock             0x08004c3d    0x2  Code  Lc  system_stm32f10x.o [1]
SysTick_Handler         0x08004c4d    0x8  Code  Gb  stm32f10x_it.o [1]
SystemInit              0x08004bd1   0x54  Code  Gb  system_stm32f10x.o [1]
TCB_LED1                0x20002298   0xb4  Data  Gb  main.o [1]
TCB_OverLoad            0x2000261c   0xb4  Data  Gb  main.o [1]
TCB_Send_Server         0x200024b4   0xb4  Data  Gb  main.o [1]
TCB_Send_Slave          0x20002568   0xb4  Data  Gb  main.o [1]
TCB_Server              0x2000234c   0xb4  Data  Gb  main.o [1]
TCB_Slave               0x20002400   0xb4  Data  Gb  main.o [1]
TCB_Start               0x200021e4   0xb4  Data  Gb  main.o [1]
TMR_CJQTIMEOUT          0x20002a74   0x2c  Data  Gb  main.o [1]
TaskCreate              0x08004911  0x128  Code  Gb  main.o [1]
TaskStart               0x08004899   0x78  Code  Gb  main.o [1]
Task_LED1               0x080044db   0x5e  Code  Gb  tasks.o [1]
Task_OverLoad           0x08004539   0x70  Code  Gb  tasks.o [1]
Task_Send_Server        0x08004477   0x32  Code  Gb  tasks.o [1]
Task_Send_Slave         0x080044a9   0x32  Code  Gb  tasks.o [1]
Task_Server             0x08003fed  0x1a0  Code  Gb  tasks.o [1]
Task_Slave              0x08003eb1  0x11a  Code  Gb  tasks.o [1]
USART1_Handler          0x080045f1    0x2  Code  Gb  serial.o [1]
USART1_IRQHandler       0x08004c55    0x8  Code  Gb  stm32f10x_it.o [1]
USART2_Handler          0x0800465d   0x66  Code  Gb  serial.o [1]
USART2_IRQHandler       0x08004c5d    0x8  Code  Gb  stm32f10x_it.o [1]
USART3_Handler          0x080045f5   0x66  Code  Gb  serial.o [1]
USART3_IRQHandler       0x08004c65    0x8  Code  Gb  stm32f10x_it.o [1]
USART_ClearITPendingBit
                        0x08003c3d   0x22  Code  Gb  stm32f10x_usart.o [1]
USART_Cmd               0x08003ba5   0x1c  Code  Gb  stm32f10x_usart.o [1]
USART_GetFlagStatus     0x08003c23   0x1a  Code  Gb  stm32f10x_usart.o [1]
USART_ITConfig          0x08003bc1   0x52  Code  Gb  stm32f10x_usart.o [1]
USART_Init              0x08003ae1   0xbe  Code  Gb  stm32f10x_usart.o [1]
USART_ReceiveData       0x08003c1b    0x8  Code  Gb  stm32f10x_usart.o [1]
USART_SendData          0x08003c13    0x8  Code  Gb  stm32f10x_usart.o [1]
UsageFault_Handler      0x08004c47    0x2  Code  Gb  stm32f10x_it.o [1]
__cmain                 0x08004cc1         Code  Gb  cmain.o [4]
__exit                  0x08004cf1   0x14  Code  Gb  exit.o [5]
__iar_copy_init3        0x0800134b   0x2e  Code  Gb  copy_init3.o [4]
__iar_data_init3        0x08004c75   0x28  Code  Gb  data_init.o [4]
__iar_program_start     0x08004d61         Code  Gb  cstartup_M.o [4]
__iar_zero_init3        0x08001d8b   0x22  Code  Gb  zero_init3.o [4]
__low_level_init        0x08004cdb    0x4  Code  Gb  low_level_init.o [3]
__vector_table          0x08000000         Data  Gb  startup_stm32f10x_md.o [1]
_call_main              0x08004ccd         Code  Gb  cmain.o [4]
_exit                   0x08004ce5         Code  Gb  cexit.o [4]
_main                   0x08004cd7         Code  Gb  cmain.o [4]
check_cs                0x08003fcb   0x20  Code  Gb  tasks.o [1]
cjq_close               0x0800443f   0x24  Code  Gb  tasks.o [1]
cjq_isopen              0x20002c3b    0x1  Data  Gb  tasks.o [1]
cjq_open                0x080043f1   0x4e  Code  Gb  tasks.o [1]
cjq_timeout             0x08004463   0x14  Code  Gb  tasks.o [1]
cjqaddr                 0x20000010    0x8  Data  Gb  main.o [1]
exit                    0x08004cdf    0x4  Code  Gb  exit.o [3]
main                    0x0800484d   0x4c  Code  Gb  main.o [1]
mbus_power              0x080042f1   0x2e  Code  Gb  tasks.o [1]
mem_buf                 0x20000664  0x400  Data  Gb  main.o [1]
mem_isr                 0x200029fc   0x78  Data  Gb  main.o [1]
radioaddr               0x20000018    0x8  Data  Gb  tasks.o [1]
readaddr                0x0800422f   0x5e  Code  Gb  tasks.o [1]
reading                 0x20002c3a    0x1  Data  Gb  tasks.o [1]
relay_1                 0x08004349   0x2a  Code  Gb  tasks.o [1]
relay_2                 0x08004373   0x2a  Code  Gb  tasks.o [1]
relay_3                 0x0800439d   0x2a  Code  Gb  tasks.o [1]
relay_4                 0x080043c7   0x2a  Code  Gb  tasks.o [1]
relay_485               0x0800431f   0x2a  Code  Gb  tasks.o [1]
writeaddr               0x0800418d   0xa2  Code  Gb  tasks.o [1]
writedata               0x0800428d   0x64  Code  Gb  tasks.o [1]


[1] = D:\IAR_Workspace\CJQ_MBUS_485\Test\Debug\Obj
[2] = command line
[3] = dl7M_tln.a
[4] = rt7M_tl.a
[5] = shb_l.a

  19 856 bytes of readonly  code memory
     296 bytes of readonly  data memory
  11 836 bytes of readwrite data memory

Errors: none
Warnings: none
